links/file
links/hardlink
links/skip/file
links/deeply/nested/file
