loops/deeply/nested
loops/deeply/nested/dir
loops/deeply/nested/loop
