links/file
links/hardlink
links/symlink
links/deeply/nested/file
links/deeply/nested/link
