[01;34mrainbow[0m
[01;34mrainbow/[0m[01;33mchardev_link[0m
[01;34mrainbow/[0m[01;34mow[0m
[01;34mrainbow/[0m[01;34msticky[0m
[01;34mrainbow/[0m[01;34msticky_ow[0m
[01;34mrainbow/[0m[01;35msocket[0m
[01;34mrainbow/[0m[01;36mbroken[0m
[01;34mrainbow/[0m[01mfile.txt[0m
[01;34mrainbow/[0m[01mlink.txt[0m
[01;34mrainbow/[0m[33mpipe[0m
[01;34mrainbow/[0mexec.sh
[01;34mrainbow/[0mfile.dat
[01;34mrainbow/[0mmh1
[01;34mrainbow/[0mmh2
[01;34mrainbow/[0msgid
[01;34mrainbow/[0mstar.gz
[01;34mrainbow/[0mstar.tar
[01;34mrainbow/[0mstar.tar.gz
[01;34mrainbow/[0msugid
[01;34mrainbow/[0msuid
