rainbow/exec.sh
rainbow/file.dat
rainbow/file.txt
rainbow/mh1
rainbow/mh2
rainbow/ow
rainbow/sgid
rainbow/star.gz
rainbow/star.tar
rainbow/star.tar.gz
rainbow/sticky
rainbow/sticky_ow
rainbow/sugid
rainbow/suid
