(loops) () d d
(loops/broken) (nowhere) l N
(loops/deeply) () d d
(loops/file) () f f
(loops/loop) (loop) l L
(loops/symlink) (file) l f
(loops/deeply/nested) () d d
(loops/notdir) (symlink/file) l N
(loops/deeply/nested/dir) () d d
(loops/skip) (deeply/nested/loop/nested) l d
(loops/deeply/nested/loop) (../../deeply) l d
