[01;34m:rainbow[m
[01;34m:rainbow/[m[01;32m:exec.sh[m
[01;34m:rainbow/[m[01;35m:socket[m
[01;34m:rainbow/[m[01;36m:broken[m
[01;34m:rainbow/[m[01;36m:chardev_link[m
[01;34m:rainbow/[m[01;36m:link.txt[m
[01;34m:rainbow/[m[30;42m:sticky_ow[m
[01;34m:rainbow/[m[30;43m:sgid[m
[01;34m:rainbow/[m[33m:pipe[m
[01;34m:rainbow/[m[34;42m:ow[m
[01;34m:rainbow/[m[37;41m:sugid[m
[01;34m:rainbow/[m[37;41m:suid[m
[01;34m:rainbow/[m[37;44m:sticky[m
[01;34m:rainbow/[mfile.dat
[01;34m:rainbow/[mfile.txt
[01;34m:rainbow/[mmh1
[01;34m:rainbow/[mmh2
[01;34m:rainbow/[mstar.gz
[01;34m:rainbow/[mstar.tar
[01;34m:rainbow/[mstar.tar.gz
