[01;31mscratch/foo/[0m[01;31mbar[0m
[01;31mscratch/foo/[0m[01;31mbar[0m
[01;34m/[0m[01;31m__bfs__/[0m[01;31mnowhere[0m
[01;34m/[0m[01;31m__bfs__/[0m[01;31mnowhere[0m
[01;34mfoo/bar/[0m[01;31mbaz/[0m[01;31mqux[0m
[01;34mfoo/bar/[0m[01;31mbaz/[0m[01;31mqux[0m
[01;34mfoo/bar/[0m[01;31mnowhere[0m
[01;34mfoo/bar/[0m[01;31mnowhere[0m
[01;34mfoo/bar/[0m[01;31mnowhere/[0m[01;31mnothing[0m
[01;34mfoo/bar/[0m[01;31mnowhere/[0m[01;31mnothing[0m
[01;34mfoo/bar/[0mbaz
[01;34mfoo/bar/[0mbaz
