loops/deeply/nested/loop
loops/deeply/nested/loop/nested
loops/deeply/nested/loop/nested/dir
loops/deeply/nested/loop/nested/loop
