links
links/broken
links/deeply
links/file
links/hardlink
links/notdir
links/skip
links/symlink
links/deeply/nested
links/skip/dir
links/skip/file
links/skip/link
links/deeply/nested/dir
links/deeply/nested/file
links/deeply/nested/link
