scratch
scratch/foo
scratch/mnt
scratch/foo/bar
scratch/foo/qux
