%p(basic) %d(0) %f(basic) %h(.) %H(basic) %P() %y(d)
%p(links) %d(0) %f(links) %h(.) %H(links) %P() %y(d)
%p(basic/a) %d(1) %f(a) %h(basic) %H(basic) %P(a) %y(f)
%p(basic/b) %d(1) %f(b) %h(basic) %H(basic) %P(b) %y(f)
%p(basic/c) %d(1) %f(c) %h(basic) %H(basic) %P(c) %y(d)
%p(basic/e) %d(1) %f(e) %h(basic) %H(basic) %P(e) %y(d)
%p(basic/g) %d(1) %f(g) %h(basic) %H(basic) %P(g) %y(d)
%p(basic/i) %d(1) %f(i) %h(basic) %H(basic) %P(i) %y(d)
%p(basic/j) %d(1) %f(j) %h(basic) %H(basic) %P(j) %y(d)
%p(basic/k) %d(1) %f(k) %h(basic) %H(basic) %P(k) %y(d)
%p(basic/l) %d(1) %f(l) %h(basic) %H(basic) %P(l) %y(d)
%p(links/broken) %d(1) %f(broken) %h(links) %H(links) %P(broken) %y(l)
%p(links/deeply) %d(1) %f(deeply) %h(links) %H(links) %P(deeply) %y(d)
%p(links/file) %d(1) %f(file) %h(links) %H(links) %P(file) %y(f)
%p(links/hardlink) %d(1) %f(hardlink) %h(links) %H(links) %P(hardlink) %y(f)
%p(links/notdir) %d(1) %f(notdir) %h(links) %H(links) %P(notdir) %y(l)
%p(links/skip) %d(1) %f(skip) %h(links) %H(links) %P(skip) %y(l)
%p(links/symlink) %d(1) %f(symlink) %h(links) %H(links) %P(symlink) %y(l)
%p(basic/c/d) %d(2) %f(d) %h(basic/c) %H(basic) %P(c/d) %y(f)
%p(basic/e/f) %d(2) %f(f) %h(basic/e) %H(basic) %P(e/f) %y(f)
%p(basic/g/h) %d(2) %f(h) %h(basic/g) %H(basic) %P(g/h) %y(d)
%p(basic/j/foo) %d(2) %f(foo) %h(basic/j) %H(basic) %P(j/foo) %y(f)
%p(basic/k/foo) %d(2) %f(foo) %h(basic/k) %H(basic) %P(k/foo) %y(d)
%p(basic/l/foo) %d(2) %f(foo) %h(basic/l) %H(basic) %P(l/foo) %y(d)
%p(links/deeply/nested) %d(2) %f(nested) %h(links/deeply) %H(links) %P(deeply/nested) %y(d)
%p(basic/k/foo/bar) %d(3) %f(bar) %h(basic/k/foo) %H(basic) %P(k/foo/bar) %y(f)
%p(basic/l/foo/bar) %d(3) %f(bar) %h(basic/l/foo) %H(basic) %P(l/foo/bar) %y(d)
%p(links/deeply/nested/dir) %d(3) %f(dir) %h(links/deeply/nested) %H(links) %P(deeply/nested/dir) %y(d)
%p(links/deeply/nested/file) %d(3) %f(file) %h(links/deeply/nested) %H(links) %P(deeply/nested/file) %y(f)
%p(links/deeply/nested/link) %d(3) %f(link) %h(links/deeply/nested) %H(links) %P(deeply/nested/link) %y(l)
%p(basic/l/foo/bar/baz) %d(4) %f(baz) %h(basic/l/foo/bar) %H(basic) %P(l/foo/bar/baz) %y(f)
